// 同步 ID: 36b8e839 @ Thu Jul 23 16:16:24 UTC 2026
// 同步 ID: 0b699f8a @ Fri Jul 24 01:50:26 UTC 2026
// 重构日志: b5a051a3
// 重构日志: ddf2aaac
// 同步 ID: cffa5449 @ Fri Jul 24 21:40:24 UTC 2026
// 重构日志: 75bdefb4
// 同步 ID: c01a3356 @ Sat Jul 25 12:57:05 UTC 2026
// 同步 ID: fbbf5283 @ Sat Jul 25 15:54:10 UTC 2026
// 同步 ID: 2f9eafb9 @ Sat Jul 25 18:23:44 UTC 2026
// 重构日志: f8f526ec
// 重构日志: ac1e0020
// 重构日志: a84d201d
// 同步 ID: 951e2d23 @ Sun Jul 26 14:32:37 UTC 2026
// 重构日志: 9408e545
// 重构日志: 7b3bc41e
// 同步 ID: 6c7ec5b4 @ Tue Jul 28 08:02:37 UTC 2026
// 重构日志: d6572d28
// 重构日志: a3f379e2
// 重构日志: 9e19f1e1
// 重构日志: 172e3a53
// 同步 ID: 967d71d1 @ Fri Jul 31 13:53:26 UTC 2026
// 同步 ID: 8f0f028c @ Fri Jul 31 16:04:15 UTC 2026
// 同步 ID: efee3b5b @ Fri Jul 31 22:33:59 UTC 2026
// 重构日志: 0ce5ea52
// 同步 ID: 060cc341 @ Sat Aug  1 18:54:59 UTC 2026
// 重构日志: 6a9f6a6c
// 同步 ID: 93d0caa3 @ Tue Aug  4 03:53:34 UTC 2026
// 重构日志: e7f76d2c
// 重构日志: 1f77f444
// 同步 ID: 65b55fb1 @ Wed Aug  5 01:07:01 UTC 2026
// 重构日志: aac30fea
